Router#conf t
Enter configuration commands, one per line.  End with CNTL/Z.
Router(config)#hostname R3
R3(config)#int loopback 0
R3(config-if)#
*May  7 06:04:06.027: %LINEPROTO-5-UPDOWN: Line protocol on Interface Loopback0, changed state to up
R3(config-if)#ip address 192.168.40.1 255.255.255.0
R3(config-if)#no shut
R3(config-if)#int g0/1
R3(config-if)#ip address 192.168.30.1
% Incomplete command.

R3(config-if)#ip address 192.168.30.1 255.255.255.0
R3(config-if)#no shut
R3(config-if)#int s
*May  7 06:05:10.623: %LINK-3-UPDOWN: Interface GigabitEthernet0/1, changed state to dow
*May  7 06:05:13.615: %LINK-3-UPDOWN: Interface GigabitEthernet0/1, changed state to up
*May  7 06:05:14.615: %LINEPROTO-5-UPDOWN: Line protocol on Interface GigabitEthernet0/1, changed state int s0/0/1
R3(config-if)#ip address 10.2.2.1
% Incomplete command.

R3(config-if)#ip address 10.2.2.1 255.255.255.252
R3(config-if)#no shut
R3(config-if)#
*May  7 06:05:51.247: %LINK-3-UPDOWN: Interface Serial0/0/1, changed state to up
*May  7 06:05:52.247: %LINEPROTO-5-UPDOWN: Line protocol on Interface Serial0/0/1, changed state to up
R3(config-if)#exit
R3(config)#ip domain-name cisco.com
R3(config)#crypto key generate rsa modulus 1024
The name for the keys will be: R3.cisco.com

% The key modulus size is 1024 bits
% Generating 1024 bit RSA keys, keys will be non-exportable...
[OK] (elapsed time was 1 seconds)

R3(config)#
*May  7 06:07:14.967: %SSH-5-ENABLED: SSH 1.99 has been enabled
R3(config)#line vty 0 4
R3(config-line)#login local
R3(config-line)#transport input ssh
R3(config-line)#exit
R3(config)#router ospf 1
R3(config-router)#network 192.168.30.0 0.0.0.255 area 0
R3(config-router)#network 192.168.40.0 0.0.0.255 area 0
R3(config-router)#network 10.2.2.0 0.0.0.3 area 0
R3(config-router)#
*May  7 06:15:20.951: %OSPF-5-ADJCHG: Process 1, Nbr 209.165.201.1 on Serial0/0/1 from LOADING to FULL, Loading Done
R3(config-router)#exit
R3(config)#exit
R3#show
*May  7 06:17:57.491: %SYS-5-CONFIG_I: Configured from console by consoleop ospf neighbour
         ^
% Invalid input detected at '^' marker.

R3#show op ospf neighbor
         ^
% Invalid input detected at '^' marker.

R3#show ip ospf neighbor

Neighbor ID     Pri   State           Dead Time   Address         Interface
209.165.201.1     0   FULL/  -        00:00:33    10.2.2.2        Serial0/0/1
R3#show ip ospf neighbor

Neighbor ID     Pri   State           Dead Time   Address         Interface
209.165.201.1     0   FULL/  -        00:00:39    10.2.2.2        Serial0/0/1
R3#
R3#show ip ospf neighbor

Neighbor ID     Pri   State           Dead Time   Address         Interface
209.165.201.1     0   FULL/  -        00:00:34    10.2.2.2        Serial0/0/1
R3#ping 192.168.40.1
Type escape sequence to abort.
Sending 5, 100-byte ICMP Echos to 192.168.40.1, timeout is 2 seconds:
!!!!!
Success rate is 100 percent (5/5), round-trip min/avg/max = 1/1/4 ms
R3#ping 10.2.2.1
Type escape sequence to abort.
Sending 5, 100-byte ICMP Echos to 10.2.2.1, timeout is 2 seconds:
!!!!!
Success rate is 100 percent (5/5), round-trip min/avg/max = 24/27/28 ms
R3#ping 192.168.30.1
Type escape sequence to abort.
Sending 5, 100-byte ICMP Echos to 192.168.30.1, timeout is 2 seconds:
!!!!!
Success rate is 100 percent (5/5), round-trip min/avg/max = 1/1/1 ms
R3#ping 192.168.10.1
Type escape sequence to abort.
Sending 5, 100-byte ICMP Echos to 192.168.10.1, timeout is 2 seconds:
!!!!!
Success rate is 100 percent (5/5), round-trip min/avg/max = 24/27/28 ms
R3#ping 192.168.20.1
Type escape sequence to abort.
Sending 5, 100-byte ICMP Echos to 192.168.20.1, timeout is 2 seconds:
!!!!!
Success rate is 100 percent (5/5), round-trip min/avg/max = 28/28/28 ms
R3#ping 10.1.1.1
Type escape sequence to abort.
Sending 5, 100-byte ICMP Echos to 10.1.1.1, timeout is 2 seconds:
!!!!!
Success rate is 100 percent (5/5), round-trip min/avg/max = 28/28/28 ms
R3#ping 10.1.1.2
Type escape sequence to abort.
Sending 5, 100-byte ICMP Echos to 10.1.1.2, timeout is 2 seconds:
!!!!!
Success rate is 100 percent (5/5), round-trip min/avg/max = 12/13/16 ms
R3#ping 10.1.1.3
Type escape sequence to abort.
Sending 5, 100-byte ICMP Echos to 10.1.1.3, timeout is 2 seconds:
!!!!!
Success rate is 100 percent (5/5), round-trip min/avg/max = 12/13/16 ms
R3#ping 192.168.20.2
Type escape sequence to abort.
Sending 5, 100-byte ICMP Echos to 192.168.20.2, timeout is 2 seconds:
.....
Success rate is 0 percent (0/5)
R3#ping 192.168.30.3
Type escape sequence to abort.
Sending 5, 100-byte ICMP Echos to 192.168.30.3, timeout is 2 seconds:
.....
Success rate is 0 percent (0/5)
R3#ping 192.168.10.3
Type escape sequence to abort.
Sending 5, 100-byte ICMP Echos to 192.168.10.3, timeout is 2 seconds:
!!!!!
Success rate is 100 percent (5/5), round-trip min/avg/max = 28/28/28 ms
R3#ping 192.168.30.3
Type escape sequence to abort.
Sending 5, 100-byte ICMP Echos to 192.168.30.3, timeout is 2 seconds:
!!!!!
Success rate is 100 percent (5/5), round-trip min/avg/max = 1/1/4 ms
R3#conf t
Enter configuration commands, one per line.  End with CNTL/Z.
R3(config)#ip http server
R3(config)#ip http aut
R3(config)#ip http authentication local
R3(config)#username admin pr
R3(config)#username admin privilege 15 secret class
R3(config)#access-list 1 r
R3(config)#access-list 1 remark Allow R1 LANs A
R3(config)#access-list 1 remark Allow R1 LANs Access
R3(config)#access-list 1 permit 192.168.10.0 0.0.0.255
R3(config)#access-list 1 permit 192.168.20.0 0.0.0.255
R3(config)#access-list 1 permit deny any
Translating "deny"
                                ^
% Invalid input detected at '^' marker.

R3(config)#access-list 1 deny any
R3(config)#int g0/1
R3(config-if)#ip ac
R3(config-if)#ip acce
R3(config-if)#ip access-group 1 out
R3(config-if)#exit
R3(config)#exit
R3#
*May  7 06:34:53.659: %SYS-5-CONFIG_I: Configured from console by console       R3#show access-list 1
Standard IP access list 1
    10 permit 192.168.10.0, wildcard bits 0.0.0.255
    20 permit 192.168.20.0, wildcard bits 0.0.0.255
    30 deny   any
R3#show ip interface g0/1
GigabitEthernet0/1 is up, line protocol is up
  Internet address is 192.168.30.1/24
  Broadcast address is 255.255.255.255
  Address determined by setup command
  MTU is 1500 bytes
  Helper address is not set
  Directed broadcast forwarding is disabled
  Multicast reserved groups joined: 224.0.0.5 224.0.0.6
  Outgoing access list is 1
  Inbound  access list is not set
  Proxy ARP is enabled
  Local Proxy ARP is disabled
  Security level is default
  Split horizon is enabled
  ICMP redirects are always sent
  ICMP unreachables are always sent
  ICMP mask replies are never sent
  IP fast switching is enabled
  IP fast switching on the same interface is disabled
  IP Flow switching is disabled
  IP CEF switching is enabled
  IP CEF switching turbo vector
  IP multicast fast switching is enabled
  IP multicast distributed fast switching is disabled
  IP route-cache flags are Fast, CEF
  Router Discovery is disabled
  IP output packet accounting is disabled
  IP access violation accounting is disabled
  TCP/IP header compression is disabled
  RTP/IP header compression is disabled
  Policy routing is disabled
  Network address translation is disabled
  BGP Policy Mapping is disabled
  Input features: MCI Check
  Output features: Access List
  IPv4 WCCP Redirect outbound is disabled
  IPv4 WCCP Redirect inbound is disabled
  IPv4 WCCP Redirect exclude is disabled
R3#ping 192.168.10.3
Type escape sequence to abort.
Sending 5, 100-byte ICMP Echos to 192.168.10.3, timeout is 2 seconds:
!!!!!
Success rate is 100 percent (5/5), round-trip min/avg/max = 28/28/28 ms
R3#ping
Protocol [ip]: 192.168.10.3
% Unknown protocol - "192.168.10.3", type "ping ?" for help
R3#ping
Protocol [ip]: ipv4
% Unknown protocol - "ipv4", type "ping ?" for help
R3#ping
Protocol [ip]:
Target IP address: 192.168.10.3
Repeat count [5]: 5
Datagram size [100]:
Timeout in seconds [2]:
Extended commands [n]: y
Source address or interface: 192.168.30.1
Type of service [0]:
Set DF bit in IP header? [no]:
Validate reply data? [no]:
Data pattern [0xABCD]:
Loose, Strict, Record, Timestamp, Verbose[none]:
Sweep range of sizes [n]:
Type escape sequence to abort.
Sending 5, 100-byte ICMP Echos to 192.168.10.3, timeout is 2 seconds:
Packet sent with a source address of 192.168.30.1
U.U.U
Success rate is 0 percent (0/5)
R3#
R3#ping
Protocol [ip]:
Target IP address: 192.168.10.0
Repeat count [5]:
Datagram size [100]:
Timeout in seconds [2]:
Extended commands [n]:
Sweep range of sizes [n]:
Type escape sequence to abort.
Sending 5, 100-byte ICMP Echos to 192.168.10.0, timeout is 2 seconds:
.....
Success rate is 0 percent (0/5)
R3#ping
Protocol [ip]:
Target IP address: 192.168.10.0
Repeat count [5]:
Datagram size [100]:
Timeout in seconds [2]:
Extended commands [n]: y
Source address or interface: 192.168.40.0
% Invalid source. Must use same-VRF IP address or full interface name without spaces (e.g. Serial0/1)
Source address or interface: 192.168.40.1
Type of service [0]:
Set DF bit in IP header? [no]:
Validate reply data? [no]:
Data pattern [0xABCD]:
Loose, Strict, Record, Timestamp, Verbose[none]:
Sweep range of sizes [n]:
Type escape sequence to abort.
Sending 5, 100-byte ICMP Echos to 192.168.10.0, timeout is 2 seconds:
Packet sent with a source address of 192.168.40.1
!!!!!
Success rate is 100 percent (5/5), round-trip min/avg/max = 28/28/28 ms
R3#show running-config
Building configuration...

Current configuration : 1684 bytes
!
! Last configuration change at 06:34:53 UTC Mon May 7 2018
!
version 15.4
service timestamps debug datetime msec
service timestamps log datetime msec
no service password-encryption
!
hostname R3
!
boot-start-marker
boot-end-marker
!
!
!
no aaa new-model
memory-size iomem 15
!
!
!
!
!
!
!
!
!
!
!
!
!
!
no ip domain lookup
ip domain name cisco.com
ip cef
no ipv6 cef
multilink bundle-name authenticated
!
!
cts logging verbose
!
!
license udi pid CISCO2901/K9 sn FCZ191195AY
!
!
username admin privilege 15 secret 5 $1$WGu4$BEUWZfXZIcikcmQpUGmJN/
!
redundancy
!
!
!
!
!
!
interface Loopback0
 ip address 192.168.40.1 255.255.255.0
!
interface Embedded-Service-Engine0/0
 no ip address
 shutdown
!
interface GigabitEthernet0/0
 no ip address
 shutdown
 duplex auto
 speed auto
!
interface GigabitEthernet0/1
 ip address 192.168.30.1 255.255.255.0
 ip access-group 1 out
 duplex auto
 speed auto
!
interface Serial0/0/0
 no ip address
 shutdown
 clock rate 2000000
!
interface Serial0/0/1
 ip address 10.2.2.1 255.255.255.252
!
router ospf 1
 network 10.2.2.0 0.0.0.3 area 0
 network 192.168.30.0 0.0.0.255 area 0
 network 192.168.40.0 0.0.0.255 area 0
!
ip forward-protocol nd
!
ip http server
ip http authentication local
no ip http secure-server
!
!
!
!
access-list 1 remark Allow R1 LANs Access
access-list 1 permit 192.168.10.0 0.0.0.255
access-list 1 permit 192.168.20.0 0.0.0.255
access-list 1 deny   any
!
control-plane
!
!
!
line con 0
line aux 0
line 2
 no activation-character
 no exec
 transport preferred none
 transport output pad telnet rlogin lapb-ta mop udptn v120 ssh
 stopbits 1
line vty 0 4
 login local
 transport input ssh
!
scheduler allocate 20000 1000
!
end

R3#conf t
Enter configuration commands, one per line.  End with CNTL/Z.
R3(config)#no ip acc
R3(config)#no ip access-list 1
                             ^
% Invalid input detected at '^' marker.

R3(config)#no ip access-list ?
  extended    Extended Access List
  helper      Access List acts on helper-address
  log-update  Control access list log updates
  logging     Control access list logging
  resequence  Resequence Access List
  standard    Standard Access List

R3(config)#no ip access-list standard 1
R3(config)#int g0/1
R3(config-if)#no ip access-g
R3(config-if)#no ip access-group
% Incomplete command.

R3(config-if)#no ip access-group 1
% Incomplete command.

R3(config-if)#no ip access-group out
R3(config-if)#exit
R3(config)#ip access
R3(config)#ip access-list ex
R3(config)#ip access-list extended WWW-POLICY
R3(config-ext-nacl)#permit tcp 192.
% Incomplete command.

R3(config-ext-nacl)#permit tcp 192.168.30.0 0.0.0.255 host 10.1.1.1 eq 80
R3(config-ext-nacl)#permit tcp 192.168.30.0 0.0.0.255 209.165.200.224
% Incomplete command.

R3(config-ext-nacl)#$192.168.30.0 0.0.0.255 209.165.200.224 0.0.0.31 eq 80
R3(config-ext-nacl)#int s0/0/1
R3(config-if)#ip ac
R3(config-if)#ip acce
R3(config-if)#ip access-group WWW-POLICY out
R3(config-if)#show ip interface s0/0/1
                ^
% Invalid input detected at '^' marker.

R3(config-if)#exit\
                  ^
% Invalid input detected at '^' marker.

R3(config-if)#exit
R3(config)#exit
R3#show running-config
*May  7 06:57:19.471: %SYS-5-CONFIG_I: Configured from
R3#show ip int
R3#show ip interface s/
R3#show ip interface s/0/0/1
                      ^
% Invalid input detected at '^' marker.

R3#show ip interface s0/0/1
Serial0/0/1 is up, line protocol is up
  Internet address is 10.2.2.1/30
  Broadcast address is 255.255.255.255
  Address determined by setup command
  MTU is 1500 bytes
  Helper address is not set
  Directed broadcast forwarding is disabled
  Multicast reserved groups joined: 224.0.0.5
  Outgoing access list is WWW-POLICY
  Inbound  access list is not set
  Proxy ARP is enabled
  Local Proxy ARP is disabled
  Security level is default
  Split horizon is enabled
  ICMP redirects are always sent
  ICMP unreachables are always sent
  ICMP mask replies are never sent
  IP fast switching is enabled
  IP fast switching on the same interface is enabled
  IP Flow switching is disabled
  IP CEF switching is enabled
  IP CEF switching turbo vector
  IP multicast fast switching is enabled
  IP multicast distributed fast switching is disabled
  IP route-cache flags are Fast, CEF
  Router Discovery is disabled
  IP output packet accounting is disabled
  IP access violation accounting is disabled
  TCP/IP header compression is disabled
  RTP/IP header compression is disabled
  Policy routing is disabled
  Network address translation is disabled
  BGP Policy Mapping is disabled
  Input features: MCI Check
  Output features: Access List
  IPv4 WCCP Redirect outbound is disabled
  IPv4 WCCP Redirect inbound is disabled
  IPv4 WCCP Redirect exclude is disabled
R3#show ac
R3#show access-lists
Extended IP access list WWW-POLICY
    10 permit tcp 192.168.30.0 0.0.0.255 host 10.1.1.1 eq www (1113 matches)
    20 permit tcp 192.168.30.0 0.0.0.255 209.165.200.224 0.0.0.31 eq www (1339 matches)
R3#conf t
Enter configuration commands, one per line.  End with CNTL/Z.
R3(config)#ip ac
R3(config)#ip acce
R3(config)#ip access-list extended WWW-POLICY
R3(config-ext-nacl)#$p 192.168.30.0 0.0.0.255 192.168.10.0 0.0.0.255
R3(config-ext-nacl)#end
R3#
*May  7 07:02:42.475: %SYS-5-CONFIG_I: Configured from console by console
R3#show a
R3#show access
R3#show access-lists
Extended IP access list WWW-POLICY
    10 permit tcp 192.168.30.0 0.0.0.255 host 10.1.1.1 eq www (1778 matches)
    20 permit tcp 192.168.30.0 0.0.0.255 209.165.200.224 0.0.0.31 eq www (2208 matches)
    30 permit ip 192.168.30.0 0.0.0.255 192.168.10.0 0.0.0.255
