▒▒▒▒▒▒▒▒▒▒▒▒▒▒▒▒▒▒
Rodziewicz-Bejnarowicz(config)#
Rodziewicz-Bejnarowicz(config)# show vla
Rodziewicz-Bejnarowicz(config)# show vlan b
Rodziewicz-Bejnarowicz(config)# show vlan br
Rodziewicz-Bejnarowicz(config)# show vlan brief
                                          ^
ERROR: % Invalid input detected at '^' marker.
Rodziewicz-Bejnarowicz(config)# show vlan
Use "show switch vlan" to view the vlans that have been assigned to Layer 2 switch ports.
Rodziewicz-Bejnarowicz(config)# show switch vlan
VLAN Name                             Status    Ports
---- -------------------------------- --------- -----------------------------
1    management                       down      Et0/0, Et0/1, Et0/2, Et0/3
                                                Et0/4, Et0/5, Et0/6, Et0/7

Rodziewicz-Bejnarowicz(config)# show dhcp
ERROR: % Incomplete command
Rodziewicz-Bejnarowicz(config)# show dhcpd
ERROR: % Incomplete command
Rodziewicz-Bejnarowicz(config)#
Rodziewicz-Bejnarowicz(config)# show dhcpd
Rodziewicz-Bejnarowicz(config)# show dhcpd
Rodziewicz-Bejnarowicz(config)# show dhcpd ?

exec mode commands/options:
  binding     Show dhcp bindings
  state       Show dhcpd state
  statistics  Show dhcpd statistics
Rodziewicz-Bejnarowicz(config)# show dhcpd state
 Not Configured for DHCP
Rodziewicz-Bejnarowicz(config)# show dhcpd b
Rodziewicz-Bejnarowicz(config)# show dhcpd binding
Rodziewicz-Bejnarowicz(config)#
Rodziewicz-Bejnarowicz(config)#
Rodziewicz-Bejnarowicz(config)# end
Rodziewicz-Bejnarowicz# show int ip brief
Interface                  IP-Address      OK? Method Status                Protocol
Ethernet0/0                unassigned      YES unset  administratively down up
Ethernet0/1                unassigned      YES unset  up                    up
Ethernet0/2                unassigned      YES unset  up                    up
Ethernet0/3                unassigned      YES unset  down                  down
Ethernet0/4                unassigned      YES unset  down                  down
Ethernet0/5                unassigned      YES unset  down                  down
Ethernet0/6                unassigned      YES unset  down                  down
Ethernet0/7                unassigned      YES unset  down                  down
Internal-Data0/0           unassigned      YES unset  up                    up
Internal-Data0/1           unassigned      YES unset  up                    up
Vlan1                      10.0.0.10       YES unset  up                    up
Virtual0                   127.1.0.1       YES unset  up                    up
Rodziewicz-Bejnarowicz# config t
Rodziewicz-Bejnarowicz(config)# int e0/0
Rodziewicz-Bejnarowicz(config-if)# no shutdown
Rodziewicz-Bejnarowicz(config-if)# end
Rodziewicz-Bejnarowicz# show int ip brief
Interface                  IP-Address      OK? Method Status                Protocol
Ethernet0/0                unassigned      YES unset  up                    up
Ethernet0/1                unassigned      YES unset  up                    up
Ethernet0/2                unassigned      YES unset  up                    up
Ethernet0/3                unassigned      YES unset  down                  down
Ethernet0/4                unassigned      YES unset  down                  down
Ethernet0/5                unassigned      YES unset  down                  down
Ethernet0/6                unassigned      YES unset  down                  down
Ethernet0/7                unassigned      YES unset  down                  down
Internal-Data0/0           unassigned      YES unset  up                    up
Internal-Data0/1           unassigned      YES unset  up                    up
Vlan1                      10.0.0.10       YES unset  up                    up
Virtual0                   127.1.0.1       YES unset  up                    up
Rodziewicz-Bejnarowicz# poli
Rodziewicz-Bejnarowicz# poli
Rodziewicz-Bejnarowicz# polic
Rodziewicz-Bejnarowicz# policy
Rodziewicz-Bejnarowicz# policy-m
Rodziewicz-Bejnarowicz# policy-map?
ERROR: % Unrecognized command
Rodziewicz-Bejnarowicz# config t
Rodziewicz-Bejnarowicz(config)# pol
Rodziewicz-Bejnarowicz(config)# policy-map g
Rodziewicz-Bejnarowicz(config)# policy-map global_policy
Rodziewicz-Bejnarowicz(config-pmap)# cla
Rodziewicz-Bejnarowicz(config-pmap)# class in
Rodziewicz-Bejnarowicz(config)# class ins
Rodziewicz-Bejnarowicz(config)# policy-map global_policy
Rodziewicz-Bejnarowicz(config-pmap)# clas
Rodziewicz-Bejnarowicz(config-pmap)# class inspection_default
Rodziewicz-Bejnarowicz(config-pmap-c)# ins
Rodziewicz-Bejnarowicz(config-pmap-c)# inspect icmp
Rodziewicz-Bejnarowicz(config-pmap-c)# end
Rodziewicz-Bejnarowicz# ip ac
Rodziewicz-Bejnarowicz# config t
Rodziewicz-Bejnarowicz(config)# ip
Rodziewicz-Bejnarowicz(config)# ip a
Rodziewicz-Bejnarowicz(config)# ip ac
Rodziewicz-Bejnarowicz(config)# ip ac
                                    ^
ERROR: % Invalid input detected at '^' marker.
Rodziewicz-Bejnarowicz(config)# ?

  aaa                           Enable, disable, or view user authentication,
                                authorization and accounting
  aaa-server                    Configure a AAA server group or a AAA server
  access-group                  Bind an access-list to an interface to filter
                                traffic
  access-list                   Configure an access control element
  arp                           Change or view ARP table, set ARP timeout
                                value, view statistics
  asdm                          Configure Device Manager
  auth-prompt                   Customize authentication challenge, reject or
                                acceptance prompt
  auto-update                   Configure Auto Update
  banner                        Configure login/session banners
  boot                          Set system boot parameters
  ca                            Certification authority
  call-home                     Smart Call-Home Configuration
  checkheaps                    Configure checkheap verification intervals
  class-map                     Configure MPF Class Map
  clear                         Clear
  client-update                 Configure and change client update parameters
  clock                         Configure time-of-day clock
  cluster                       Cluster configuration
  command-alias                 Create command alias
  compression                   Configure global Compression parameters
  config-register               Define the configuration register
  configure                     Configure using various methods
  console                       Serial console functions
  coredump                      Configure Coredump options
  crashinfo                     Enable/Disable writing crashinfo to flash
  crypto                        Configure IPSec, ISAKMP, Certification
                                authority, key
  ctl-file                      Configure a ctl-file instance
  ctl-provider                  Configure a CTL Provider instance
  cts                           Cisco Trusted Security commands
  ddns                          Configure dynamic DNS update method
  dhcp-client                   Configure parameters for DHCP client operation
  dhcpd                         Configure DHCP Server
  dhcprelay                     Configure DHCP Relay Agent
  dns                           Add DNS functionality to an interface
  dns-group                     Set the global DNS server group
  dns-guard                     Enforce one DNS response per query
  domain-name                   Change domain name
  dynamic-access-policy-record  Dynamic Access Policy configuration commands
  dynamic-filter                Configure Dynamic Filter
  dynamic-map                   Configure crypto dynamic map
  enable                        Configure password for the enable command
  end                           Exit from configure mode
  eou                           EAP over UDP (NAC Framework) Global
                                Configuration Commands
  established                   Allow inbound connections based on established
                                connections
  exit                          Exit from config mode
  failover                      Enable/disable failover feature
  filter                        Enable or disable URL, FTP, HTTPS, Java, and
                                ActiveX filtering
  fips                          FIPS 140-2 compliance information
  firewall                      Switch to router/transparent mode
  fixup                         Add or delete inspection services
  flow-export                   Configure flow information export through
                                NetFlow
  fragment                      Configure the IP fragment database
  ftp                           Set FTP mode
  ftp-map                       Configure advanced options for FTP inspection
  group-delimiter               The delimiter for tunnel-group lookup.
  group-policy                  Configure or remove a group policy
  h225-map                      Configure advanced options for H225 inspection
  help                          Interactive help for commands
  hostname                      Change host name of the system
  hpm                           Configure TopN host statistics collection
  http                          Configure http server and https related
                                commands
  http-map                      This command has been deprecated.
  icmp                          Configure access rules for ICMP traffic
  imap4s                        Configure the imap4s service
  interface                     Select an interface to configure
  ip                            Configure IP address pools
  ip                            Configure IP addresses, address pools, IDS, etc
  ipsec                         Configure transform-set, IPSec SA lifetime and
                                PMTU Aging reset timer
  ipv6                          Configure IPv6 address pools
  ipv6                          Global IPv6 configuration commands
  ipv6-vpn-addr-assign          Global settings for VPN IP address assignment
                                policy
  isakmp                        Configure ISAKMP options
  key                           Create various configuration keys
  l2tp                          Configure Global L2TP Parameters
  ldap                          Configure LDAP Mapping
  license-server                Configure shared license server
  logging                       Configure logging levels, recipients and other
                                options
  logout                        Logoff from config mode
  mac-address                   MAC address options
  mac-list                      Create a mac-list to filter based on MAC
                                address
  management-access             Configure management access interface
  map                           Configure crypto map
  media-termination             Configure a media-termination instance
  mgcp-map                      Configure advanced options for MGCP inspection
  migrate                       Migrate IKEv1 configuration to IKEv2/SSL
  monitor-interface             Enable or disable failover monitoring on a
                                specific interface
  mount                         Configure a system mount
  mroute                        Configure static multicast routes
  mtu                           Specify MTU(Maximum Transmission Unit) for an
                                interface
  multicast-routing             Enable IP multicast
  nac-policy                    Configure or remove a nac-policy
  name                          Associate a name with an IP address
  names                         Enable/Disable IP address to name mapping
  nat                           Associate a network with a pool of global IP
                                addresses
  no                            Negate a command or set its defaults
  ntp                           Configure NTP
  object                        Configure an object
  object-group                  Create an object group for use in
                                'access-list', etc
  object-group-search           Enables object group search algorithm
  pager                         Control page length for pagination
  passwd                        Change Telnet console access password
  password                      Configure password encryption
  phone-proxy                   Configure a Phone proxy instance
  pim                           Configure Protocol Independent Multicast
  policy-map                    Configure MPF Parameter Map
  pop3s                         Configure the pop3s service
  prefix-list                   Configure prefix lists
  priority-queue                Enter sub-command mode to set priority-queue
                                attributes
  privilege                     Configure privilege levels for commands
  prompt                        Configure session prompt display
  quit                          Exit from config mode
  regex                         Define a regular expression
  remote-access                 Configure SNMP trap threshold for VPN
                                remote-access sessions
  route                         Configure a static route for an interface
  route-map                     Create route-map or enter route-map
                                configuration mode
  router                        Enable a routing process
  routing                       Configure interface specific unicast routing
                                parameters
  same-security-traffic         Enable same security level interfaces to
                                communicate
  scansafe                      Scansafe configuration
  service                       Configure system services
  service-policy                Configure MPF service policy
  setup                         Pre-configure the system
  sla                           IP Service Level Agreement
  smtp-server                   Configure default SMTP server address to be
                                used for Email
  smtps                         Configure the smtps service
  snmp                          Configure the SNMP options
  snmp-map                      Configure an snmp-map, to control the operation
                                of the SNMP inspection
  snmp-server                   Modify SNMP engine parameters
  ssh                           Configure SSH options
  ssl                           Configure SSL options
  sunrpc-server                 Create SUNRPC services table
  sysopt                        Set system functional options
  tcp-map                       Configure advanced options for TCP inspection
  telnet                        Add telnet access to system console or set idle
                                timeout
  terminal                      Set terminal line parameters
  tftp-server                   Configure default TFTP server address and
                                directory
  threat-detection              Show threat detection information
  time-range                    Define time range entries
  timeout                       Configure maximum idle times
  tls-proxy                     Configure a TLS proxy instance or the maximum
                                sessions
  track                         Object tracking configuration commands
  tunnel-group                  Create and manage the database of connection
                                specific records for IPSec connections
  tunnel-group-map              Specify policy by which the tunnel-group name
                                is derived from the content of a certificate.
  uc-ime                        Configure a Cisco Intercompany Media Engine
                                (UC-IME) instance
  url-block                     Enable URL pending block buffer and long URL
                                support
  url-cache                     Enable/Disable URL caching
  url-server                    Configure a URL filtering server
  user-identity                 Configure user-identity firewall
  username                      Configure user authentication local database
  virtual                       Configure address for authentication virtual
                                servers
  vpdn                          Configure VPDN feature
  vpn-addr-assign               Global settings for VPN IP address assignment
                                policy
  vpn-sessiondb                 Configure the VPN Session Manager
  vpnclient                     Configure an Easy VPN connection
  vpnsetup                      Configure VPN Setup Commands
  wccp                          Web-Cache Coordination Protocol Commands
  webvpn                        Configure the WebVPN service
  xlate                         Configure an xlate option
  zonelabs-integrity            ZoneLabs integrity Firewall Server
                                Configuration
Rodziewicz-Bejnarowicz(config)#
Rodziewicz-Bejnarowicz(config)#
Rodziewicz-Bejnarowicz(config)#
Rodziewicz-Bejnarowicz(config)#
Rodziewicz-Bejnarowicz(config)#
Rodziewicz-Bejnarowicz(config)#
Rodziewicz-Bejnarowicz(config)#
Rodziewicz-Bejnarowicz(config)#
Rodziewicz-Bejnarowicz(config)#
Rodziewicz-Bejnarowicz(config)#
Rodziewicz-Bejnarowicz(config)#
Rodziewicz-Bejnarowicz(config)#
Rodziewicz-Bejnarowicz(config)#
Rodziewicz-Bejnarowicz(config)#
Rodziewicz-Bejnarowicz(config)#
Rodziewicz-Bejnarowicz(config)#
Rodziewicz-Bejnarowicz(config)#
Rodziewicz-Bejnarowicz(config)#
Rodziewicz-Bejnarowicz(config)#
Rodziewicz-Bejnarowicz(config)#
Rodziewicz-Bejnarowicz(config)#
Rodziewicz-Bejnarowicz(config)#
Rodziewicz-Bejnarowicz(config)#
Rodziewicz-Bejnarowicz(config)#
Rodziewicz-Bejnarowicz(config)#
Rodziewicz-Bejnarowicz(config)#
Rodziewicz-Bejnarowicz(config)#
Rodziewicz-Bejnarowicz(config)#
Rodziewicz-Bejnarowicz(config)#
Rodziewicz-Bejnarowicz(config)#
Rodziewicz-Bejnarowicz(config)#
Rodziewicz-Bejnarowicz(config)#
Rodziewicz-Bejnarowicz(config)#
Rodziewicz-Bejnarowicz(config)#
Rodziewicz-Bejnarowicz(config)#
Rodziewicz-Bejnarowicz(config)#
Rodziewicz-Bejnarowicz(config)#
Rodziewicz-Bejnarowicz(config)#
Rodziewicz-Bejnarowicz(config)#
Rodziewicz-Bejnarowicz(config)#
Rodziewicz-Bejnarowicz(config)#
Rodziewicz-Bejnarowicz(config)#
Rodziewicz-Bejnarowicz(config)#
Rodziewicz-Bejnarowicz(config)#
Rodziewicz-Bejnarowicz(config)#
Rodziewicz-Bejnarowicz(config)#
Rodziewicz-Bejnarowicz(config)#
Rodziewicz-Bejnarowicz(config)#
Rodziewicz-Bejnarowicz(config)#
Rodziewicz-Bejnarowicz(config)#
Rodziewicz-Bejnarowicz(config)#
Rodziewicz-Bejnarowicz(config)#
Rodziewicz-Bejnarowicz(config)#
Rodziewicz-Bejnarowicz(config)#
Rodziewicz-Bejnarowicz(config)#
Rodziewicz-Bejnarowicz(config)#
Rodziewicz-Bejnarowicz(config)#
Rodziewicz-Bejnarowicz(config)#
Rodziewicz-Bejnarowicz(config)#
Rodziewicz-Bejnarowicz(config)#
Rodziewicz-Bejnarowicz(config)#
Rodziewicz-Bejnarowicz(config)#
Rodziewicz-Bejnarowicz(config)#
Rodziewicz-Bejnarowicz(config)#
Rodziewicz-Bejnarowicz(config)#
Rodziewicz-Bejnarowicz(config)#
Rodziewicz-Bejnarowicz(config)#
Rodziewicz-Bejnarowicz(config)#
Rodziewicz-Bejnarowicz(config)#
Rodziewicz-Bejnarowicz(config)#
Rodziewicz-Bejnarowicz(config)#
Rodziewicz-Bejnarowicz(config)#
Rodziewicz-Bejnarowicz(config)#
Rodziewicz-Bejnarowicz(config)#
Rodziewicz-Bejnarowicz(config)#
Rodziewicz-Bejnarowicz(config)#
Rodziewicz-Bejnarowicz(config)#
Rodziewicz-Bejnarowicz(config)#
Rodziewicz-Bejnarowicz(config)#
Rodziewicz-Bejnarowicz(config)#
Rodziewicz-Bejnarowicz(config)#
Rodziewicz-Bejnarowicz(config)#
Rodziewicz-Bejnarowicz(config)#
Rodziewicz-Bejnarowicz(config)#
Rodziewicz-Bejnarowicz(config)#
Rodziewicz-Bejnarowicz(config)#
Rodziewicz-Bejnarowicz(config)#
Rodziewicz-Bejnarowicz(config)#
Rodziewicz-Bejnarowicz(config)#
Rodziewicz-Bejnarowicz(config)#
Rodziewicz-Bejnarowicz(config)#
Rodziewicz-Bejnarowicz(config)#
Rodziewicz-Bejnarowicz(config)#
Rodziewicz-Bejnarowicz(config)#
Rodziewicz-Bejnarowicz(config)#
Rodziewicz-Bejnarowicz(config)#
Rodziewicz-Bejnarowicz(config)#
Rodziewicz-Bejnarowicz(config)#
Rodziewicz-Bejnarowicz(config)#
Rodziewicz-Bejnarowicz(config)#
Rodziewicz-Bejnarowicz(config)#
Rodziewicz-Bejnarowicz(config)#
Rodziewicz-Bejnarowicz(config)#
Rodziewicz-Bejnarowicz(config)#
Rodziewicz-Bejnarowicz(config)#
Rodziewicz-Bejnarowicz(config)#
Rodziewicz-Bejnarowicz(config)#
Rodziewicz-Bejnarowicz(config)#
Rodziewicz-Bejnarowicz(config)#
Rodziewicz-Bejnarowicz(config)#
Rodziewicz-Bejnarowicz(config)#
Rodziewicz-Bejnarowicz(config)#
Rodziewicz-Bejnarowicz(config)#
Rodziewicz-Bejnarowicz(config)#
Rodziewicz-Bejnarowicz(config)#
Rodziewicz-Bejnarowicz(config)#
Rodziewicz-Bejnarowicz(config)#
Rodziewicz-Bejnarowicz(config)#
Rodziewicz-Bejnarowicz(config)#
Rodziewicz-Bejnarowicz(config)#
Rodziewicz-Bejnarowicz(config)#
Rodziewicz-Bejnarowicz(config)#
Rodziewicz-Bejnarowicz(config)#
Rodziewicz-Bejnarowicz(config)#
Rodziewicz-Bejnarowicz(config)#
Rodziewicz-Bejnarowicz(config)#
Rodziewicz-Bejnarowicz(config)#
Rodziewicz-Bejnarowicz(config)#
Rodziewicz-Bejnarowicz(config)#
Rodziewicz-Bejnarowicz(config)#
Rodziewicz-Bejnarowicz(config)#
Rodziewicz-Bejnarowicz(config)#
Rodziewicz-Bejnarowicz(config)#
Rodziewicz-Bejnarowicz(config)#
Rodziewicz-Bejnarowicz(config)#
Rodziewicz-Bejnarowicz(config)#
Rodziewicz-Bejnarowicz(config)#
Rodziewicz-Bejnarowicz(config)#
Rodziewicz-Bejnarowicz(config)#
Rodziewicz-Bejnarowicz(config)#
Rodziewicz-Bejnarowicz(config)#
Rodziewicz-Bejnarowicz(config)#
Rodziewicz-Bejnarowicz(config)#
Rodziewicz-Bejnarowicz(config)#
Rodziewicz-Bejnarowicz(config)#
Rodziewicz-Bejnarowicz(config)#
Rodziewicz-Bejnarowicz(config)# ac
Rodziewicz-Bejnarowicz(config)# acc
Rodziewicz-Bejnarowicz(config)# access-l
Rodziewicz-Bejnarowicz(config)# access-list ?

configure mode commands/options:
  WORD < 241 char  Access list identifier
  alert-interval   Specify the alert interval for generating syslog message
                   106001 which alerts that the system has reached a deny flow
                   maximum. If not specified, the default value is 300 sec
  deny-flow-max    Specify the maximum number of concurrent deny flows that can
                   be created. If not specified, the default value is 4096
Rodziewicz-Bejnarowicz(config)# access-list denyFTPandEPortal
ERROR: % Incomplete command
Rodziewicz-Bejnarowicz(config)# access-list denyFTPandEPortal ?

configure mode commands/options:
  deny      Specify packets to reject
  extended  Configure access policy for IP traffic through the system
  line      Use this to specify line number at which ACE should be entered
  permit    Specify packets to forward
  remark    Specify a comment (remark) for the access-list after this keyword
  rename    rename an existing access-list
  standard  Use this to configure policy having destination host or network
            only
  webtype   Use this to configure WebVPN related policy
Rodziewicz-Bejnarowicz(config)# access-list denyFTPandEPortal sta
Rodziewicz-Bejnarowicz(config)# access-list denyFTPandEPortal standard
ERROR: % Incomplete command
Rodziewicz-Bejnarowicz(config)# access-list denyFTPandEPortal standard ?

configure mode commands/options:
  deny    Specify packets to reject
  permit  Specify packets to forward
Rodziewicz-Bejnarowicz(config)# access-list denyFTPandEPortal standard deny
ERROR: % Incomplete command
Rodziewicz-Bejnarowicz(config)# access-list denyFTPandEPortal standard deny ?

configure mode commands/options:
  Hostname or A.B.C.D  Match based on destination network address
  any4                 Abbreviation for an address and mask of 0.0.0.0 0.0.0.0
  host                 Use this keyword to configure destination host
Rodziewicz-Bejnarowicz(config)# show ac
Rodziewicz-Bejnarowicz(config)# show acc
Rodziewicz-Bejnarowicz(config)# show access-list
access-list cached ACL log flows: total 0, denied 0 (deny-flow-max 4096)
            alert-interval 300
Rodziewicz-Bejnarowicz(config)# acc
Rodziewicz-Bejnarowicz(config)# access-li
Rodziewicz-Bejnarowicz(config)# access-list acl-out extended deny ip any 156.1$

access-list acl-out extended deny ip any 156.17.70.219
ERROR: % Incomplete command
Rodziewicz-Bejnarowicz(config)# $d deny ip any 156.17.70.219?

configure mode commands/options:
  A.B.C.D
Rodziewicz-Bejnarowicz(config)# access-list acl_out extended deny ip any 156.1$

access-list acl_out extended deny ip any 156.17.70.219
ERROR: % Incomplete command
Rodziewicz-Bejnarowicz(config)# access-list acl_out extended deny tcp any host$
Rodziewicz-Bejnarowicz(config)# access-list acl_out extended deny tcp any any $
Rodziewicz-Bejnarowicz(config)# access-list acl_out extended permi
Rodziewicz-Bejnarowicz(config)# access-list acl_out extended permit ip any any
Rodziewicz-Bejnarowicz(config)# show acc
Rodziewicz-Bejnarowicz(config)# show access-list
access-list cached ACL log flows: total 0, denied 0 (deny-flow-max 4096)
            alert-interval 300
access-list acl_out; 3 elements; name hash: 0x4af10e18
access-list acl_out line 1 extended deny tcp any host 156.17.70.219 eq www (hitc                                                                                                                                                             nt=0) 0x8877a438
access-list acl_out line 2 extended deny tcp any any eq ftp (hitcnt=0) 0x4b6342a                                                                                                                                                             3
access-list acl_out line 3 extended permit ip any any (hitcnt=0) 0xd85c9d2a
Rodziewicz-Bejnarowicz(config)# int e0/0
Rodziewicz-Bejnarowicz(config-if)# ip acc
Rodziewicz-Bejnarowicz(config-if)# ip acc?
ERROR: % Unrecognized command
Rodziewicz-Bejnarowicz(config-if)# ?

Interface configuration commands:
  allow-ssc-mgmt   Configure VLAN to allow SSC management
  authentication   authentication subcommands
  ddns             Configure dynamic DNS
  default          Set a command to its defaults
  delay            Specify interface throughput delay
  description      Interface specific description
  dhcp             Configure parameters for DHCP client
  duplex           Configure duplex operation
  exit             Exit from interface configuration mode
  hello-interval   Configures EIGRP-IPv4 hello interval
  help             Interactive help for interface subcommands
  hold-time        Configures EIGRP-IPv4 hold time
  igmp             IGMP interface commands
  ip               Configure the ip address
  ipv6             IPv6 interface subcommands
  mac-address      Assign MAC address to interface
  management-only  Dedicate an interface to management. Block thru traffic
  mfib             Interface Specific MFIB Control
  multicast        Configure multicast routing
  no               Negate a command or set its defaults
  ospf             Configure interface specific OSPF parameters
  pim              PIM interface commands
  pppoe            Configure parameters for PPPoE client
  rip              Configure interface specific RIP parameters
  security-level   Specify the security level of this interface after this
                   keyword, Eg: 0, 100 etc. The relative security level between
                   two interfaces determines the way the Adaptive Security
                   Algorithm is applied. A lower security_level interface is
                   outside relative to a higher level interface and equivalent
                   interfaces are outside to each other
  shutdown         Shutdown the selected interface
  speed            Configure speed operation
  split-horizon    Configures EIGRP-IPv4 split-horizon
  summary-address  Configures EIGRP-IPv4 summary-address
  switchport       Set switching mode characteristics
Rodziewicz-Bejnarowicz(config-if)#
Rodziewicz-Bejnarowicz(config-if)#
Rodziewicz-Bejnarowicz(config-if)#
Rodziewicz-Bejnarowicz(config-if)# show acc
Rodziewicz-Bejnarowicz(config-if)# show access-list acl-out
ERROR: access-list <acl-out> does not exist
Rodziewicz-Bejnarowicz(config-if)# show access-list
access-list cached ACL log flows: total 0, denied 0 (deny-flow-max 4096)
            alert-interval 300
access-list acl_out; 3 elements; name hash: 0x4af10e18
access-list acl_out line 1 extended deny tcp any host 156.17.70.219 eq www (hitc                                                                                                                                                             nt=0) 0x8877a438
access-list acl_out line 2 extended deny tcp any any eq ftp (hitcnt=0) 0x4b6342a                                                                                                                                                             3
access-list acl_out line 3 extended permit ip any any (hitcnt=0) 0xd85c9d2a
Rodziewicz-Bejnarowicz(config-if)# show access-list acl_out
access-list acl_out; 3 elements; name hash: 0x4af10e18
access-list acl_out line 1 extended deny tcp any host 156.17.70.219 eq www (hitc                                                                                                                                                             nt=0) 0x8877a438
access-list acl_out line 2 extended deny tcp any any eq ftp (hitcnt=0) 0x4b6342a                                                                                                                                                             3
access-list acl_out line 3 extended permit ip any any (hitcnt=0) 0xd85c9d2a
Rodziewicz-Bejnarowicz(config-if)# acc
Rodziewicz-Bejnarowicz(config-if)# access-gr
Rodziewicz-Bejnarowicz(config-if)# access-group acl_out out inte
Rodziewicz-Bejnarowicz(config-if)# access-group acl_out out interface e0/0
                                                                      ^
ERROR: % Invalid input detected at '^' marker.
Rodziewicz-Bejnarowicz(config-if)# access-group acl_out out interface ?

configure mode commands/options:
Current available interface(s):
  management  Name of interface Vlan1
Rodziewicz-Bejnarowicz(config-if)# access-group acl_out out interface vlan1
                                                                      ^
ERROR: % Invalid input detected at '^' marker.
Rodziewicz-Bejnarowicz(config-if)# access-group acl_out out interface Vlan1
                                                                      ^
ERROR: % Invalid input detected at '^' marker.
Rodziewicz-Bejnarowicz(config-if)# access-group acl_out out interface mana
Rodziewicz-Bejnarowicz(config-if)# access-group acl_out out interface manageme$
Rodziewicz-Bejnarowicz(config)# access-group acl_out out interface
ERROR: % Incomplete command
Rodziewicz-Bejnarowicz(config)# access-group acl_out out interface?

configure mode commands/options:
  interface
Rodziewicz-Bejnarowicz(config)# access-group acl_out out interface management ?

configure mode commands/options:
  <cr>
Rodziewicz-Bejnarowicz(config)# access-group acl_out out interface Vlan1
                                                                   ^
ERROR: % Invalid input detected at '^' marker.
Rodziewicz-Bejnarowicz(config)# access-group acl_out out interface ?

configure mode commands/options:
Current available interface(s):
  management  Name of interface Vlan1
Rodziewicz-Bejnarowicz(config)# access-group acl_out out interface management
Rodziewicz-Bejnarowicz(config)# show int mana
Rodziewicz-Bejnarowicz(config)# show int management
Interface Vlan1 "management", is up, line protocol is up
  Hardware is EtherSVI, BW 100 Mbps, DLY 100 usec
        MAC address 84b8.0287.0385, MTU 1500
        IP address 10.0.0.10, subnet mask 255.255.255.0
  Traffic Statistics for "management":
        33457 packets input, 1654014 bytes
        0 packets output, 0 bytes
        2707 packets dropped
      1 minute input rate 10 pkts/sec,  510 bytes/sec
      1 minute output rate 0 pkts/sec,  0 bytes/sec
      1 minute drop rate, 0 pkts/sec
      5 minute input rate 10 pkts/sec,  513 bytes/sec
      5 minute output rate 0 pkts/sec,  0 bytes/sec
      5 minute drop rate, 0 pkts/sec
Rodziewicz-Bejnarowicz(config)# show acc
Rodziewicz-Bejnarowicz(config)# show access-list
access-list cached ACL log flows: total 0, denied 0 (deny-flow-max 4096)
            alert-interval 300
access-list acl_out; 3 elements; name hash: 0x4af10e18
access-list acl_out line 1 extended deny tcp any host 156.17.70.219 eq www (hitc                                                                                                                                                             nt=0) 0x8877a438
access-list acl_out line 2 extended deny tcp any any eq ftp (hitcnt=0) 0x4b6342a                                                                                                                                                             3
access-list acl_out line 3 extended permit ip any any (hitcnt=0) 0xd85c9d2a
Rodziewicz-Bejnarowicz(config)# show access-group
                                            ^
ERROR: % Invalid input detected at '^' marker.
Rodziewicz-Bejnarowicz(config)# access-group acl_out out interface management
Rodziewicz-Bejnarowicz(config)# show int management
Interface Vlan1 "management", is up, line protocol is up
  Hardware is EtherSVI, BW 100 Mbps, DLY 100 usec
        MAC address 84b8.0287.0385, MTU 1500
        IP address 10.0.0.10, subnet mask 255.255.255.0
  Traffic Statistics for "management":
        33875 packets input, 1675009 bytes
        0 packets output, 0 bytes
        2728 packets dropped
      1 minute input rate 10 pkts/sec,  510 bytes/sec
      1 minute output rate 0 pkts/sec,  0 bytes/sec
      1 minute drop rate, 0 pkts/sec
      5 minute input rate 10 pkts/sec,  513 bytes/sec
      5 minute output rate 0 pkts/sec,  0 bytes/sec
      5 minute drop rate, 0 pkts/sec
Rodziewicz-Bejnarowicz(config)# show running-config access-group
access-group acl_out out interface management
Rodziewicz-Bejnarowicz(config)# access-group acl_out in interface management
Rodziewicz-Bejnarowicz(config)# show running-config access-group
access-group acl_out in interface management
access-group acl_out out interface management
Rodziewicz-Bejnarowicz(config)# show acl
Rodziewicz-Bejnarowicz(config)# show ac
Rodziewicz-Bejnarowicz(config)# show acc
Rodziewicz-Bejnarowicz(config)# show access-list
access-list cached ACL log flows: total 0, denied 0 (deny-flow-max 4096)
            alert-interval 300
access-list acl_out; 3 elements; name hash: 0x4af10e18
access-list acl_out line 1 extended deny tcp any host 156.17.70.219 eq www (hitcnt=0) 0x8877a438
access-list acl_out line 2 extended deny tcp any any eq ftp (hitcnt=0) 0x4b6342a3
access-list acl_out line 3 extended permit ip any any (hitcnt=0) 0xd85c9d2a
Rodziewicz-Bejnarowicz(config)# show runn
Rodziewicz-Bejnarowicz(config)# show running-config
: Saved
:
ASA Version 9.0(1)
!
hostname Rodziewicz-Bejnarowicz
domain-name gr9
enable password 8Ry2YjIyt7RRXU24 encrypted
xlate per-session deny tcp any4 any4
xlate per-session deny tcp any4 any6
xlate per-session deny tcp any6 any4
xlate per-session deny tcp any6 any6
xlate per-session deny udp any4 any4 eq domain
xlate per-session deny udp any4 any6 eq domain
xlate per-session deny udp any6 any4 eq domain
xlate per-session deny udp any6 any6 eq domain
passwd 2KFQnbNIdI.2KYOU encrypted
names
!
interface Ethernet0/0
!
interface Ethernet0/1
!
interface Ethernet0/2
!
interface Ethernet0/3
!
interface Ethernet0/4
!
interface Ethernet0/5
!
interface Ethernet0/6
!
interface Ethernet0/7
!
interface Vlan1
 nameif management
 security-level 0
 ip address 10.0.0.10 255.255.255.0
!
ftp mode passive
dns server-group DefaultDNS
 domain-name gr9
access-list acl_out extended deny tcp any host 156.17.70.219 eq www
access-list acl_out extended deny tcp any any eq ftp
access-list acl_out extended permit ip any any
pager lines 24
mtu management 1500
icmp unreachable rate-limit 1 burst-size 1
no asdm history enable
arp timeout 14400
no arp permit-nonconnected
access-group acl_out in interface management
access-group acl_out out interface management
timeout xlate 3:00:00
timeout pat-xlate 0:00:30
timeout conn 1:00:00 half-closed 0:10:00 udp 0:02:00 icmp 0:00:02
timeout sunrpc 0:10:00 h323 0:05:00 h225 1:00:00 mgcp 0:05:00 mgcp-pat 0:05:00
timeout sip 0:30:00 sip_media 0:02:00 sip-invite 0:03:00 sip-disconnect 0:02:00
timeout sip-provisional-media 0:02:00 uauth 0:05:00 absolute
timeout tcp-proxy-reassembly 0:01:00
timeout floating-conn 0:00:00
dynamic-access-policy-record DfltAccessPolicy
user-identity default-domain LOCAL
http server enable
http 10.0.0.5 255.255.255.255 management
no snmp-server location
no snmp-server contact
snmp-server enable traps snmp authentication linkup linkdown coldstart warmstart
crypto ipsec security-association pmtu-aging infinite
crypto ca trustpool policy
telnet timeout 5
ssh timeout 5
console timeout 0

threat-detection basic-threat
threat-detection statistics access-list
no threat-detection statistics tcp-intercept
!
class-map inspection_default
 match default-inspection-traffic
!
!
policy-map type inspect dns preset_dns_map
 parameters
  message-length maximum client auto
  message-length maximum 512
policy-map global_policy
 class inspection_default
  inspect dns preset_dns_map
  inspect ftp
  inspect h323 h225
  inspect h323 ras
  inspect ip-options
  inspect netbios
  inspect rsh
  inspect rtsp
  inspect skinny
  inspect esmtp
  inspect sqlnet
  inspect sunrpc
  inspect tftp
  inspect sip
  inspect xdmcp
  inspect icmp
!
service-policy global_policy global
prompt hostname context
no call-home reporting anonymous
call-home
 profile CiscoTAC-1
  no active
  destination address http https://tools.cisco.com/its/service/oddce/services/DDCEService
  destination address email callhome@cisco.com
  destination transport-method http
  subscribe-to-alert-group diagnostic
  subscribe-to-alert-group environment
  subscribe-to-alert-group inventory periodic monthly
  subscribe-to-alert-group configuration periodic monthly
  subscribe-to-alert-group telemetry periodic daily
Cryptochecksum:be8b6dba22e4fb4d78a5944ea3d23636
: end
Rodziewicz-Bejnarowicz(config)#
Rodziewicz-Bejnarowicz(config)#
Rodziewicz-Bejnarowicz(config)#
Rodziewicz-Bejnarowicz(config)#
Rodziewicz-Bejnarowicz(config)#
Rodziewicz-Bejnarowicz(config)#
Rodziewicz-Bejnarowicz(config)#
Rodziewicz-Bejnarowicz(config)#
Rodziewicz-Bejnarowicz(config)#
Rodziewicz-Bejnarowicz(config)#
Rodziewicz-Bejnarowicz(config)#
Rodziewicz-Bejnarowicz(config)#
Rodziewicz-Bejnarowicz(config)#
Rodziewicz-Bejnarowicz(config)#
Rodziewicz-Bejnarowicz(config)#
Rodziewicz-Bejnarowicz(config)#
Rodziewicz-Bejnarowicz(config)#
Rodziewicz-Bejnarowicz(config)#
Rodziewicz-Bejnarowicz(config)#
Rodziewicz-Bejnarowicz(config)# write erase
Erase configuration in flash memory? [confirm]
[OK]
Rodziewicz-Bejnarowicz(config)# confi
Rodziewicz-Bejnarowicz(config)# configure factor
Rodziewicz-Bejnarowicz(config)# configure factory-default

WARNING: The boot system configuration will be cleared.
The first image found in disk0:/ will be used to boot the
system on the next reload.
Verify there is a valid image on disk0:/ or the system will
not boot.

Begin to apply factory-default configuration:
Clear all configuration
Executing command: interface Ethernet 0/0
Executing command: switchport access vlan 2
Executing command: no shutdown
Executing command: exit
Executing command: interface Ethernet 0/1
Executing command: switchport access vlan 1
Executing command: no shutdown
Executing command: exit
Executing command: interface Ethernet 0/2
Executing command: switchport access vlan 1
Executing command: no shutdown
Executing command: exit
Executing command: interface Ethernet 0/3
Executing command: switchport access vlan 1
Executing command: no shutdown
Executing command: exit
Executing command: interface Ethernet 0/4
Executing command: switchport access vlan 1
Executing command: no shutdown
Executing command: exit
Executing command: interface Ethernet 0/5
Executing command: switchport access vlan 1
Executing command: no shutdown
Executing command: exit
Executing command: interface Ethernet 0/6
Executing command: switchport access vlan 1
Executing command: no shutdown
Executing command: exit
Executing command: interface Ethernet 0/7
Executing command: switchport access vlan 1
Executing command: no shutdown
Executing command: exit
Executing command: interface vlan2
Executing command: nameif outside
INFO: Security level for "outside" set to 0 by default.
Executing command: no shutdown
Executing command: ip address dhcp setroute
Executing command: exit
Executing command: interface vlan1
Executing command: nameif inside
INFO: Security level for "inside" set to 100 by default.
Executing command: ip address 192.168.1.1 255.255.255.0
Executing command: security-level 100
Executing command: allow-ssc-mgmt
ERROR: SSC card is not available
Executing command: no shutdown
Executing command: exit
Executing command: object network obj_any
Executing command: subnet 0.0.0.0 0.0.0.0
Executing command: nat (inside,outside) dynamic interface
Executing command: exit
Executing command: http server enable
Executing command: http 192.168.1.0 255.255.255.0 inside
Executing command: dhcpd address 192.168.1.5-192.168.1.36 inside
Executing command: dhcpd auto_config outside
Executing command: dhcpd enable inside
Executing command: logging asdm informational
Factory-default configuration is completed
ciscoasa(config)# enable
ERROR: % Incomplete command
ciscoasa(config)# end
ciscoasa# show int ip brief
Interface                  IP-Address      OK? Method Status                Protocol
Ethernet0/0                unassigned      YES unset  up                    up
Ethernet0/1                unassigned      YES unset  up                    up
Ethernet0/2                unassigned      YES unset  up                    up
Ethernet0/3                unassigned      YES unset  down                  down
Ethernet0/4                unassigned      YES unset  down                  down
Ethernet0/5                unassigned      YES unset  down                  down
Ethernet0/6                unassigned      YES unset  down                  down
Ethernet0/7                unassigned      YES unset  down                  down
Internal-Data0/0           unassigned      YES unset  up                    up
Internal-Data0/1           unassigned      YES unset  up                    up
Vlan1                      192.168.1.1     YES manual up                    up
Vlan2                      192.168.255.207 YES DHCP   up                    up
Virtual0                   127.1.0.1       YES unset  up                    up
ciscoasa# show vlan
Use "show switch vlan" to view the vlans that have been assigned to Layer 2 switch ports.
ciscoasa# conf t
ciscoasa(config)# hos
ciscoasa(config)# hostname
ERROR: % Incomplete command
ciscoasa(conhostname Rodziewicz-Bejnarowicz
Rodziewicz-Bejnarowicz(config)# end
Rodziewicz-Bejnarowicz# show vlan
Use "show switch vlan" to view the vlans that have been assigned to Layer 2 switch ports.
Rodziewicz-Bejnarowicz# show switch vlan
VLAN Name                             Status    Ports
---- -------------------------------- --------- -----------------------------
1    inside                           up        Et0/1, Et0/2, Et0/3, Et0/4
                                                Et0/5, Et0/6, Et0/7
2    outside                          up        Et0/0
Rodziewicz-Bejnarowicz#
